// Jest Snapshot v1, https://goo.gl/fbAQLP

exports[`<Bombs /> renders without crashing [snapshot test] 1`] = `
<div>
  <p>
    tick
  </p>
</div>
`;

exports[`<HelloWorlds /> renders without crashing [snapshot test] 1`] = `
<div
  className="HelloWorld"
>
  <p>
    Hello, 
    world
  </p>
  <button
    onClick={[Function]}
  >
    World
  </button>
  <button
    onClick={[Function]}
  >
    Friend
  </button>
  <button
    onClick={[Function]}
  >
    React
  </button>
</div>
`;
